// Jest Snapshot v1, https://goo.gl/fbAQLP

exports[`clearStyleAfterDragging the snapshot and the style are the same 1`] = `"{\\"_values\\":{},\\"_importants\\":{},\\"_length\\":0}"`;

exports[`startDrag the snapshot and the style are the same 1`] = `"{\\"0\\":\\"top\\",\\"1\\":\\"left\\",\\"2\\":\\"height\\",\\"3\\":\\"width\\",\\"4\\":\\"z-index\\",\\"_values\\":{\\"top\\":\\"109px\\",\\"left\\":\\"0px\\",\\"height\\":\\"53.345px\\",\\"width\\":\\"118.25px\\",\\"z-index\\":\\"99\\"},\\"_importants\\":{},\\"_length\\":5}"`;

exports[`startDragListElement the snapshot and the style are the same 1`] = `"[{\\"0\\":\\"top\\",\\"1\\":\\"left\\",\\"2\\":\\"height\\",\\"3\\":\\"border\\",\\"_values\\":{\\"top\\":\\"0px\\",\\"left\\":\\"0px\\",\\"height\\":\\"85.75px\\",\\"border-top-width\\":\\"1px\\",\\"border-right-width\\":\\"1px\\",\\"border-bottom-width\\":\\"1px\\",\\"border-left-width\\":\\"1px\\",\\"border-width\\":\\"1px\\",\\"border\\":\\"1px\\",\\"border-top\\":\\"1px\\",\\"border-left\\":\\"1px\\",\\"border-right\\":\\"1px\\",\\"border-bottom\\":\\"1px\\"},\\"_importants\\":{},\\"_length\\":4},{\\"0\\":\\"top\\",\\"1\\":\\"left\\",\\"2\\":\\"height\\",\\"3\\":\\"border\\",\\"_values\\":{\\"top\\":\\"-166.35px\\",\\"left\\":\\"0px\\",\\"height\\":\\"15.375px\\",\\"border-top-width\\":\\"1px\\",\\"border-right-width\\":\\"1px\\",\\"border-bottom-width\\":\\"1px\\",\\"border-left-width\\":\\"1px\\",\\"border-width\\":\\"1px\\",\\"border\\":\\"1px\\",\\"border-top\\":\\"1px\\",\\"border-left\\":\\"1px\\",\\"border-right\\":\\"1px\\",\\"border-bottom\\":\\"1px\\"},\\"_importants\\":{},\\"_length\\":4},{\\"0\\":\\"top\\",\\"1\\":\\"left\\",\\"2\\":\\"height\\",\\"3\\":\\"border\\",\\"_values\\":{\\"top\\":\\"-166.35px\\",\\"left\\":\\"0px\\",\\"height\\":\\"17.65px\\",\\"border-top-width\\":\\"1px\\",\\"border-right-width\\":\\"1px\\",\\"border-bottom-width\\":\\"1px\\",\\"border-left-width\\":\\"1px\\",\\"border-width\\":\\"1px\\",\\"border\\":\\"1px\\",\\"border-top\\":\\"1px\\",\\"border-left\\":\\"1px\\",\\"border-right\\":\\"1px\\",\\"border-bottom\\":\\"1px\\"},\\"_importants\\":{},\\"_length\\":4},{\\"0\\":\\"top\\",\\"1\\":\\"left\\",\\"2\\":\\"height\\",\\"3\\":\\"border\\",\\"4\\":\\"z-index\\",\\"_values\\":{\\"top\\":\\"29px\\",\\"left\\":\\"0px\\",\\"height\\":\\"167.35px\\",\\"border-top-width\\":\\"1px\\",\\"border-right-width\\":\\"1px\\",\\"border-bottom-width\\":\\"1px\\",\\"border-left-width\\":\\"1px\\",\\"border-width\\":\\"1px\\",\\"border\\":\\"1px\\",\\"border-top\\":\\"1px\\",\\"border-left\\":\\"1px\\",\\"border-right\\":\\"1px\\",\\"border-bottom\\":\\"1px\\",\\"z-index\\":\\"99\\"},\\"_importants\\":{},\\"_length\\":5},{\\"0\\":\\"top\\",\\"1\\":\\"left\\",\\"2\\":\\"height\\",\\"3\\":\\"border\\",\\"_values\\":{\\"top\\":\\"0px\\",\\"left\\":\\"0px\\",\\"height\\":\\"35.55px\\",\\"border-top-width\\":\\"1px\\",\\"border-right-width\\":\\"1px\\",\\"border-bottom-width\\":\\"1px\\",\\"border-left-width\\":\\"1px\\",\\"border-width\\":\\"1px\\",\\"border\\":\\"1px\\",\\"border-top\\":\\"1px\\",\\"border-left\\":\\"1px\\",\\"border-right\\":\\"1px\\",\\"border-bottom\\":\\"1px\\"},\\"_importants\\":{},\\"_length\\":4}]"`;
